// Jest Snapshot v1, https://goo.gl/fbAQLP

exports[`FixedSizeList should render the FixedSizeList Component correctly 1`] = `
<div>
  <div
    className="schedule-result-header-row"
  >
    <div
      className="col"
      key="0"
    >
      <span
        className="schedule-result-header-text"
      >
        HEADERS
      </span>
    </div>
    <div
      className="col"
      key="1"
    >
      <span
        className="schedule-result-header-text"
      >
        HEADERS
      </span>
    </div>
    <div
      className="col"
      key="2"
    >
      <span
        className="schedule-result-header-text"
      >
        HEADERS
      </span>
    </div>
    <div
      className="col"
      key="3"
    >
      <span
        className="schedule-result-header-text"
      >
        HEADERS
      </span>
    </div>
    <div
      className="col"
      key="4"
    >
      <span
        className="schedule-result-header-text"
      >
        HEADERS
      </span>
    </div>
    <div
      className="col"
      key="5"
    >
      <span
        className="schedule-result-header-text"
      >
        HEADERS
      </span>
    </div>
    <div
      className="col"
      key="6"
    >
      <span
        className="schedule-result-header-text"
      >
        HEADERS
      </span>
    </div>
    <div
      className="col"
      key="7"
    >
      <span
        className="schedule-result-header-text"
      >
        HEADERS
      </span>
    </div>
    <div
      className="col"
      key="8"
    >
      <span
        className="schedule-result-header-text"
      >
        HEADERS
      </span>
    </div>
    <div
      className="col"
      key="9"
    >
      <span
        className="schedule-result-header-text"
      >
        HEADERS
      </span>
    </div>
    <div
      className="col"
      key="10"
    >
      <span
        className="schedule-result-header-text"
      >
        HEADERS
      </span>
    </div>
    <div
      className="col"
      key="11"
    >
      <span
        className="schedule-result-header-text"
      >
        HEADERS
      </span>
    </div>
    <div
      className="col"
      key="12"
    >
      <span
        className="schedule-result-header-text"
      >
        HEADERS
      </span>
    </div>
    <div
      className="col"
      key="13"
    >
      <span
        className="schedule-result-header-text"
      >
        HEADERS
      </span>
    </div>
    <div
      className="col"
      key="14"
    >
      <span
        className="schedule-result-header-text"
      >
        HEADERS
      </span>
    </div>
    <div
      className="col"
      key="15"
    >
      <span
        className="schedule-result-header-text"
      >
        HEADERS
      </span>
    </div>
    <div
      className="col"
      key="16"
    >
      <span
        className="schedule-result-header-text"
      >
        HEADERS
      </span>
    </div>
    <div
      className="col"
      key="17"
    >
      <span
        className="schedule-result-header-text"
      >
        HEADERS
      </span>
    </div>
    <div
      className="col"
      key="18"
    >
      <span
        className="schedule-result-header-text"
      >
        HEADERS
      </span>
    </div>
    <div
      className="col"
      key="19"
    >
      <span
        className="schedule-result-header-text"
      >
        HEADERS
      </span>
    </div>
  </div>
  <div
    key="0"
  >
    <div
      key="0"
    />
  </div>
  <div
    key="1"
  >
    <div
      key="1"
    />
  </div>
  <div
    key="2"
  >
    <div
      key="2"
    />
  </div>
  <div
    key="3"
  >
    <div
      key="3"
    />
  </div>
  <div
    key="4"
  >
    <div
      key="4"
    />
  </div>
  <div
    className="page-indicator-container"
  >
    <button
      className="result-button"
      id="prev-button"
      onClick={[Function]}
    >
      &lt;&lt; Previous
    </button>
    <span
      id="current-page"
    >
      Page 
      1
       / 
      4
    </span>
    <button
      className="result-button"
      id="next-button"
      onClick={[Function]}
    >
      Next &gt;&gt;
    </button>
  </div>
</div>
`;
